SEGGER_RTT.c:297:13:_DoInit	16	static,ignoring_inline_asm
SEGGER_RTT.c:355:17:_WriteBlocking	48	static,ignoring_inline_asm
SEGGER_RTT.c:417:13:_WriteNoCheck	40	static,ignoring_inline_asm
SEGGER_RTT.c:485:13:_PostTerminalSwitch	24	static
SEGGER_RTT.c:507:17:_GetAvailWriteSpace	32	static
SEGGER_RTT.c:554:10:SEGGER_RTT_ReadUpBufferNoLock	56	static
SEGGER_RTT.c:646:10:SEGGER_RTT_ReadNoLock	56	static
SEGGER_RTT.c:743:10:SEGGER_RTT_ReadUpBuffer	32	static,ignoring_inline_asm
SEGGER_RTT.c:775:10:SEGGER_RTT_Read	32	static,ignoring_inline_asm
SEGGER_RTT.c:814:6:SEGGER_RTT_WriteWithOverwriteNoLock	40	static,ignoring_inline_asm
SEGGER_RTT.c:1005:10:SEGGER_RTT_WriteDownBufferNoLock	40	static
SEGGER_RTT.c:1080:10:SEGGER_RTT_WriteNoLock	40	static
SEGGER_RTT.c:1156:10:SEGGER_RTT_WriteDownBuffer	40	static,ignoring_inline_asm
SEGGER_RTT.c:1185:10:SEGGER_RTT_Write	40	static,ignoring_inline_asm
SEGGER_RTT.c:1215:10:SEGGER_RTT_WriteString	24	static
SEGGER_RTT.c:1245:10:SEGGER_RTT_PutCharSkipNoLock	32	static,ignoring_inline_asm
SEGGER_RTT.c:1295:10:SEGGER_RTT_PutCharSkip	40	static,ignoring_inline_asm
SEGGER_RTT.c:1354:10:SEGGER_RTT_PutChar	40	static,ignoring_inline_asm
SEGGER_RTT.c:1417:5:SEGGER_RTT_GetKey	16	static
SEGGER_RTT.c:1445:5:SEGGER_RTT_WaitKey	16	static
SEGGER_RTT.c:1468:5:SEGGER_RTT_HasKey	24	static
SEGGER_RTT.c:1496:10:SEGGER_RTT_HasData	24	static
SEGGER_RTT.c:1517:10:SEGGER_RTT_HasDataUp	24	static
SEGGER_RTT.c:1545:5:SEGGER_RTT_AllocDownBuffer	40	static,ignoring_inline_asm
SEGGER_RTT.c:1593:5:SEGGER_RTT_AllocUpBuffer	40	static,ignoring_inline_asm
SEGGER_RTT.c:1647:5:SEGGER_RTT_ConfigUpBuffer	48	static,ignoring_inline_asm
SEGGER_RTT.c:1698:5:SEGGER_RTT_ConfigDownBuffer	48	static,ignoring_inline_asm
SEGGER_RTT.c:1741:5:SEGGER_RTT_SetNameUpBuffer	40	static,ignoring_inline_asm
SEGGER_RTT.c:1776:5:SEGGER_RTT_SetNameDownBuffer	40	static,ignoring_inline_asm
SEGGER_RTT.c:1811:5:SEGGER_RTT_SetFlagsUpBuffer	40	static,ignoring_inline_asm
SEGGER_RTT.c:1846:5:SEGGER_RTT_SetFlagsDownBuffer	40	static,ignoring_inline_asm
SEGGER_RTT.c:1874:6:SEGGER_RTT_Init	8	static
SEGGER_RTT.c:1895:5:SEGGER_RTT_SetTerminal	40	static,ignoring_inline_asm
SEGGER_RTT.c:1944:5:SEGGER_RTT_TerminalOut	40	static,ignoring_inline_asm
SEGGER_RTT.c:2032:10:SEGGER_RTT_GetAvailWriteSpace	24	static
SEGGER_RTT.c:2053:10:SEGGER_RTT_GetBytesInBuffer	32	static
